// Jest Snapshot v1, https://goo.gl/fbAQLP

exports[`<Home /> renders correctly 1`] = `
<section
  className="Home__Wrapper-sc-2dee5m-0 cjgKvf"
>
  <p
    className="intro"
  >
    This application was made with
     
    <span
      aria-label="love"
      role="img"
    >
      ❤️
    </span>
    by Brett
  </p>
</section>
`;
