// Jest Snapshot v1, https://goo.gl/fbAQLP

exports[`<LoadingIndicator /> renders correctly 1`] = `
<div
  className="LoadingIndicator__StyleWrapper-sc-2qo9ua-0 duaeZx"
>
  <img
    alt="loading..."
    data-test="vertafore-logo-indicator"
    height="180px"
    src="loading-indicator.gif"
    width="320px"
  />
</div>
`;
